{"data":"Infof using logrus","source":"http://github.com/pavedroad-io/core/go/logger","specversion":"1.0","subject":"info","type":"io.pavedroad.cloudevents.log"}
{"data":"Warnf using logrus","source":"http://github.com/pavedroad-io/core/go/logger","specversion":"1.0","subject":"warning","type":"io.pavedroad.cloudevents.log"}
{"data":"Errorf using logrus","source":"http://github.com/pavedroad-io/core/go/logger","specversion":"1.0","subject":"error","type":"io.pavedroad.cloudevents.log"}
{"data":"Print usinglogrus","source":"http://github.com/pavedroad-io/core/go/logger","specversion":"1.0","subject":"info","type":"io.pavedroad.cloudevents.log"}
{"data":"Printf using logrus","source":"http://github.com/pavedroad-io/core/go/logger","specversion":"1.0","subject":"info","type":"io.pavedroad.cloudevents.log"}
{"data":"Println using logrus","source":"http://github.com/pavedroad-io/core/go/logger","specversion":"1.0","subject":"info","type":"io.pavedroad.cloudevents.log"}
