T:logs P:0 K:user V:{"data":"Infof using logrus","id":"00000000000000000001","source":"http://github.com/pavedroad-io/core/go/logger","specversion":"1.0","subject":"info","type":"io.pavedroad.cloudevents.log"}
T:logs P:0 K:user V:{"data":"Warnf using logrus","id":"00000000000000000002","source":"http://github.com/pavedroad-io/core/go/logger","specversion":"1.0","subject":"warning","type":"io.pavedroad.cloudevents.log"}
T:logs P:0 K:user V:{"data":"Errorf using logrus","id":"00000000000000000003","source":"http://github.com/pavedroad-io/core/go/logger","specversion":"1.0","subject":"error","type":"io.pavedroad.cloudevents.log"}
T:logs P:0 K:user V:{"data":"Print usinglogrus","id":"00000000000000000004","source":"http://github.com/pavedroad-io/core/go/logger","specversion":"1.0","subject":"info","type":"io.pavedroad.cloudevents.log"}
T:logs P:0 K:user V:{"data":"Printf using logrus","id":"00000000000000000005","source":"http://github.com/pavedroad-io/core/go/logger","specversion":"1.0","subject":"info","type":"io.pavedroad.cloudevents.log"}
T:logs P:0 K:user V:{"data":"Println using logrus","id":"00000000000000000006","source":"http://github.com/pavedroad-io/core/go/logger","specversion":"1.0","subject":"info","type":"io.pavedroad.cloudevents.log"}
