T:test P:0 K:user V:{"data":"Infof using logrus","id":"WVmF95y5lN8pFWvaehtSmVQkHP/AEG7aEsGWeKOjZio=","source":"http://github.com/pavedroad-io/core/go/logger","specversion":"1.0","subject":"info","type":"io.pavedroad.cloudevents.log"}
T:test P:0 K:user V:{"data":"Warnf using logrus","id":"rB9/KMOrGk/ZG2r3BZ7FS0vAicsBYaMEL1wgqcJUHyY=","source":"http://github.com/pavedroad-io/core/go/logger","specversion":"1.0","subject":"warning","type":"io.pavedroad.cloudevents.log"}
T:test P:0 K:user V:{"data":"Errorf using logrus","id":"uVuc/yrMkDXyEPWjPv7GoCR+PLI7TNGa2r2h+frFhiA=","source":"http://github.com/pavedroad-io/core/go/logger","specversion":"1.0","subject":"error","type":"io.pavedroad.cloudevents.log"}
T:test P:0 K:user V:{"data":"Print usinglogrus","id":"Amli10fm6sT3cZfX2xQK5aAdkqgPFUAt3OK5Iqr3OQY=","source":"http://github.com/pavedroad-io/core/go/logger","specversion":"1.0","subject":"info","type":"io.pavedroad.cloudevents.log"}
T:test P:0 K:user V:{"data":"Printf using logrus","id":"WVWGyyrAGfQ/FkoWu0rWnDxZRkZUyKCWGFBXYSC0iXg=","source":"http://github.com/pavedroad-io/core/go/logger","specversion":"1.0","subject":"info","type":"io.pavedroad.cloudevents.log"}
T:test P:0 K:user V:{"data":"Println using logrus","id":"DadY6Z8YkstF6LJ+L6kfUGoZ2xkLFgQ+TrGuVOovIaE=","source":"http://github.com/pavedroad-io/core/go/logger","specversion":"1.0","subject":"info","type":"io.pavedroad.cloudevents.log"}
